python : D:\Projects\Chronos-Self\chronos_core\core\meta_cognitive\perception_l
ayer.py:43: UserWarning: faiss not available, fallback to simple similarity sea
rch
所在位置 行:1 字符: 5
+ & { python -u test_p4_improvements.py 2>&1 | Tee-Object -FilePath "te ...
+     ~~~~~~~~~~~~~~~~~~~~~~~~~~~~~~~~~~~~~~
    + CategoryInfo          : NotSpecified: (D:\Projects\Chr...milarity search 
   :String) [], RemoteException
    + FullyQualifiedErrorId : NativeCommandError
 
  warnings.warn("faiss not available, fallback to simple similarity search")
============================================================
测试 P4 无主体性验证改进
============================================================

运行实验 1/5 (seed=1000)
  最终 Λ: 2
  最终 M_pre: 4162.71

运行实验 2/5 (seed=1001)
  最终 Λ: 2
  最终 M_pre: 4128.15

运行实验 3/5 (seed=1002)
  最终 Λ: 2
  最终 M_pre: 4092.10

运行实验 4/5 (seed=1003)
  最终 Λ: 2
  最终 M_pre: 4129.87

运行实验 5/5 (seed=1004)
  最终 Λ: 2
  最终 M_pre: 4050.08

============================================================
测试改进后的无主体性验证函数
============================================================

--------------------------------------------------
验证条件2: 无主体性验证
--------------------------------------------------
  实验数量（主体数）: 5

  主体间相关性分析:
    平均 Pearson 相关性: 0.9989
    平均 Spearman 相关性: 0.8361
    平均 Wasserstein 距离: 27.7177
    阈值（主体间相关性应低于）: 0.5

  状态变化率相关性分析:
    平均 Pearson 相关性: 0.4869
    平均 Spearman 相关性: 0.8887
    阈值（状态相关性应高于）: 0.5
Traceback (most recent call last):
  File "D:\Projects\Chronos-Self\test_p4_improvements.py", line 67, in <module>
  File "D:\Projects\Chronos-Self\test_p4_improvements.py", line 44, in test_imp
rovements
  File "D:\Projects\Chronos-Self\scripts\p4_validation.py", line 308, in valida
te_no_subject_dependency
    print(f"\n  结果: {'\u2713 通过' if passed else '\u2717 未通过'}")
    ~~~~~^^^^^^^^^^^^^^^^^^^^^^^^^^^^^^^^^^^^^^^^^^^^^^^^^^^
UnicodeEncodeError: 'gbk' codec can't encode character '\u2717' in position 8: 
illegal multibyte sequence
